user@DESKTOP-7KV4HPC MINGW64 ~/Desktop/push and pull (master)
$ git status
On branch master
Untracked files:
  (use "git add <file>..." to include in what will be committed)
        demo2.txt

nothing added to commit but untracked files present (use "git add" to track)

user@DESKTOP-7KV4HPC MINGW64 ~/Desktop/push and pull (master)
$ touch demo4.txt

user@DESKTOP-7KV4HPC MINGW64 ~/Desktop/push and pull (master)
$ git status
On branch master
Untracked files:
  (use "git add <file>..." to include in what will be committed)
        demo2.txt
        demo4.txt

nothing added to commit but untracked files present (use "git add" to track)

user@DESKTOP-7KV4HPC MINGW64 ~/Desktop/push and pull (master)
$ git add
Nothing specified, nothing added.
hint: Maybe you wanted to say 'git add .'?
hint: Turn this message off by running
hint: "git config advice.addEmptyPathspec false"

user@DESKTOP-7KV4HPC MINGW64 ~/Desktop/push and pull (master)
$ git status
On branch master
Untracked files:
  (use "git add <file>..." to include in what will be committed)
        demo2.txt
        demo4.txt

nothing added to commit but untracked files present (use "git add" to track)

user@DESKTOP-7KV4HPC MINGW64 ~/Desktop/push and pull (master)
$ git commit -m "hello world"
On branch master
Untracked files:
  (use "git add <file>..." to include in what will be committed)
        demo2.txt
        demo4.txt

nothing added to commit but untracked files present (use "git add" to track)

user@DESKTOP-7KV4HPC MINGW64 ~/Desktop/push and pull (master)
$ git log
commit fb634610c6e59c19543aac670cb848938ca51200 (HEAD -> master)
Author: madhurifalke <madhuri.falke1@gmail.com>
Date:   Wed Jun 8 15:34:55 2022 -0700

    my second

user@DESKTOP-7KV4HPC MINGW64 ~/Desktop/push and pull (master)
$
